[Architectury Transformer DEBUG] 
[Architectury Transformer DEBUG] ============================
[Architectury Transformer DEBUG] Transforming from D:\MinecraftModProject\Depression1.19.4\common\build\devlibs\depression-common-0.1.5+1.19.4-dev.jar to D:\MinecraftModProject\Depression1.19.4\common\build\libs\depression-common-0.1.5+1.19.4-transformProductionFabric.jar
[Architectury Transformer DEBUG] ============================
[Architectury Transformer DEBUG] 
[Architectury Transformer DEBUG] Transforming 5 transformer(s) from D:\MinecraftModProject\Depression1.19.4\common\build\devlibs\depression-common-0.1.5+1.19.4-dev.jar to D:\MinecraftModProject\Depression1.19.4\common\build\libs\depression-common-0.1.5+1.19.4-transformProductionFabric.jar: 
[Architectury Transformer DEBUG]  - dev.architectury.transformer.transformers.RemapMixinVariables@28340d51
[Architectury Transformer DEBUG]  - dev.architectury.transformer.transformers.TransformExpectPlatform@512c8be9
[Architectury Transformer DEBUG]  - dev.architectury.transformer.transformers.RemapInjectables@3833cc35
[Architectury Transformer DEBUG]  - AddRefmapName(enabled=() -> kotlin.Boolean)
[Architectury Transformer DEBUG]  - dev.architectury.transformer.transformers.TransformPlatformOnly@1c26881f
[Architectury Transformer DEBUG] Transforming from D:\MinecraftModProject\Depression1.19.4\common\build\devlibs\depression-common-0.1.5+1.19.4-dev.jar to D:\MinecraftModProject\Depression1.19.4\common\build\libs\depression-common-0.1.5+1.19.4-transformProductionFabric.jar with 5 transformer(s) on dev.architectury.transformer.handler.SimpleTransformerHandler
[Architectury Transformer DEBUG] Reading mixin mappings file: D:\MinecraftModProject\Depression1.19.4\common\build\loom-cache\mixin-map-loom.mappings.1_19_4.layered+hash.40359-v2.main.tiny
[Architectury Transformer DEBUG] Remapping with 1 mapping provider(s):
[Architectury Transformer DEBUG]  - dev.architectury.transformer.shadowed.impl.dev.architectury.tinyremapper.TinyUtils$$Lambda$3526/0x00000184b917d540@711d5c6e
[Architectury Transformer DEBUG] Provided 59 classpath jar(s):
[Architectury Transformer DEBUG]  - C:\Users\13475\.gradle\caches\modules-2\files-2.1\dev.architectury\architectury-injectables\1.0.10\62db2a366d662606d1b23ad02ccc3212ed37ec3\architectury-injectables-1.0.10.jar
[Architectury Transformer DEBUG]  - C:\Users\13475\.gradle\caches\modules-2\files-2.1\net.fabricmc\fabric-loader\0.16.9\7eaa23079ac1569963e488054db124c7eb984f05\fabric-loader-0.16.9.jar
[Architectury Transformer DEBUG]  - C:\Users\13475\.gradle\caches\modules-2\files-2.1\org.jetbrains\annotations\24.1.0\7af6a669488450c4a07c2c3254e2151df42d7d04\annotations-24.1.0.jar
[Architectury Transformer DEBUG]  - C:\Users\13475\.gradle\caches\modules-2\files-2.1\com.electronwill.night-config\toml\3.6.0\f0c2c48748bdfc8d1f3798ec478f003bccc7e0b1\toml-3.6.0.jar
[Architectury Transformer DEBUG]  - C:\Users\13475\.gradle\caches\modules-2\files-2.1\com.electronwill.night-config\core\3.6.0\412f2edf0ef6cc9178ab38751af4e507f413bef\core-3.6.0.jar
[Architectury Transformer DEBUG]  - C:\Users\13475\.gradle\caches\modules-2\files-2.1\org.ow2.asm\asm\9.6\aa205cf0a06dbd8e04ece91c0b37c3f5d567546a\asm-9.6.jar
[Architectury Transformer DEBUG]  - C:\Users\13475\.gradle\caches\modules-2\files-2.1\org.ow2.asm\asm-analysis\9.6\9ce6c7b174bd997fc2552dff47964546bd7a5ec3\asm-analysis-9.6.jar
[Architectury Transformer DEBUG]  - C:\Users\13475\.gradle\caches\modules-2\files-2.1\org.ow2.asm\asm-commons\9.6\f1a9e5508eff490744144565c47326c8648be309\asm-commons-9.6.jar
[Architectury Transformer DEBUG]  - C:\Users\13475\.gradle\caches\modules-2\files-2.1\org.ow2.asm\asm-tree\9.6\c0cdda9d211e965d2a4448aa3fd86110f2f8c2de\asm-tree-9.6.jar
[Architectury Transformer DEBUG]  - C:\Users\13475\.gradle\caches\modules-2\files-2.1\org.ow2.asm\asm-util\9.6\f77caf84eb93786a749b2baa40865b9613e3eaee\asm-util-9.6.jar
[Architectury Transformer DEBUG]  - C:\Users\13475\.gradle\caches\modules-2\files-2.1\net.fabricmc\sponge-mixin\0.13.3+mixin.0.8.5\9527e6b0d2449408958fd1302594dc65ec5ade9c\sponge-mixin-0.13.3+mixin.0.8.5.jar
[Architectury Transformer DEBUG]  - C:\Users\13475\.gradle\caches\modules-2\files-2.1\io.github.llamalad7\mixinextras-fabric\0.3.5\3b577be20ea942610b3045e4f0cd909fa415a9d3\mixinextras-fabric-0.3.5.jar
[Architectury Transformer DEBUG]  - C:\Users\13475\.gradle\caches\modules-2\files-2.1\com.github.oshi\oshi-core\6.2.2\54f5efc19bca95d709d9a37d19ffcbba3d21c1a6\oshi-core-6.2.2.jar
[Architectury Transformer DEBUG]  - C:\Users\13475\.gradle\caches\modules-2\files-2.1\com.google.code.gson\gson\2.10\dd9b193aef96e973d5a11ab13cd17430c2e4306b\gson-2.10.jar
[Architectury Transformer DEBUG]  - C:\Users\13475\.gradle\caches\modules-2\files-2.1\com.google.guava\failureaccess\1.0.1\1dcf1de382a0bf95a3d8b0849546c88bac1292c9\failureaccess-1.0.1.jar
[Architectury Transformer DEBUG]  - C:\Users\13475\.gradle\caches\modules-2\files-2.1\com.google.guava\guava\31.1-jre\60458f877d055d0c9114d9e1a2efb737b4bc282c\guava-31.1-jre.jar
[Architectury Transformer DEBUG]  - C:\Users\13475\.gradle\caches\modules-2\files-2.1\com.ibm.icu\icu4j\71.1\9e7d3304c23f9ba5cb71915f7cce23231a57a445\icu4j-71.1.jar
[Architectury Transformer DEBUG]  - C:\Users\13475\.gradle\caches\modules-2\files-2.1\com.mojang\authlib\3.18.38\16106b26bce62bda55bab42785b999e44d77ecb\authlib-3.18.38.jar
[Architectury Transformer DEBUG]  - C:\Users\13475\.gradle\caches\modules-2\files-2.1\com.mojang\blocklist\1.0.10\5c685c5ffa94c4cd39496c7184c1d122e515ecef\blocklist-1.0.10.jar
[Architectury Transformer DEBUG]  - C:\Users\13475\.gradle\caches\modules-2\files-2.1\com.mojang\brigadier\1.0.18\c1ef1234282716483c92183f49bef47b1a89bfa9\brigadier-1.0.18.jar
[Architectury Transformer DEBUG]  - C:\Users\13475\.gradle\caches\modules-2\files-2.1\com.mojang\datafixerupper\6.0.6\e38e20946530646e866db03b2b192883d0ea6e84\datafixerupper-6.0.6.jar
[Architectury Transformer DEBUG]  - C:\Users\13475\.gradle\caches\modules-2\files-2.1\com.mojang\logging\1.1.1\832b8e6674a9b325a5175a3a6267dfaf34c85139\logging-1.1.1.jar
[Architectury Transformer DEBUG]  - C:\Users\13475\.gradle\caches\modules-2\files-2.1\com.mojang\patchy\2.2.10\da05971b07cbb379d002cf7eaec6a2048211fefc\patchy-2.2.10.jar
[Architectury Transformer DEBUG]  - C:\Users\13475\.gradle\caches\modules-2\files-2.1\com.mojang\text2speech\1.16.7\ee4095669061d1fe4bce5fea23d69d1520bc2d58\text2speech-1.16.7.jar
[Architectury Transformer DEBUG]  - C:\Users\13475\.gradle\caches\modules-2\files-2.1\commons-codec\commons-codec\1.15\49d94806b6e3dc933dacbd8acb0fdbab8ebd1e5d\commons-codec-1.15.jar
[Architectury Transformer DEBUG]  - C:\Users\13475\.gradle\caches\modules-2\files-2.1\commons-io\commons-io\2.11.0\a2503f302b11ebde7ebc3df41daebe0e4eea3689\commons-io-2.11.0.jar
[Architectury Transformer DEBUG]  - C:\Users\13475\.gradle\caches\modules-2\files-2.1\commons-logging\commons-logging\1.2\4bfc12adfe4842bf07b657f0369c4cb522955686\commons-logging-1.2.jar
[Architectury Transformer DEBUG]  - C:\Users\13475\.gradle\caches\modules-2\files-2.1\io.netty\netty-buffer\4.1.82.Final\a544270cf1ae8b8077082f5036436a9a9971ea71\netty-buffer-4.1.82.Final.jar
[Architectury Transformer DEBUG]  - C:\Users\13475\.gradle\caches\modules-2\files-2.1\io.netty\netty-codec\4.1.82.Final\b77200379acb345a9ffdece1c605e591ac3e4e0a\netty-codec-4.1.82.Final.jar
[Architectury Transformer DEBUG]  - C:\Users\13475\.gradle\caches\modules-2\files-2.1\io.netty\netty-common\4.1.82.Final\22d148e85c3f5ebdacc0ce1f5aabb1d420f73f3\netty-common-4.1.82.Final.jar
[Architectury Transformer DEBUG]  - C:\Users\13475\.gradle\caches\modules-2\files-2.1\io.netty\netty-handler\4.1.82.Final\644041d1fa96a5d3130a29e8978630d716d76e38\netty-handler-4.1.82.Final.jar
[Architectury Transformer DEBUG]  - C:\Users\13475\.gradle\caches\modules-2\files-2.1\io.netty\netty-resolver\4.1.82.Final\38f665ae8dcd29032eea31245ba7806bed2e0fa8\netty-resolver-4.1.82.Final.jar
[Architectury Transformer DEBUG]  - C:\Users\13475\.gradle\caches\modules-2\files-2.1\io.netty\netty-transport-classes-epoll\4.1.82.Final\e7c7dd18deac93105797f30057c912651ea76521\netty-transport-classes-epoll-4.1.82.Final.jar
[Architectury Transformer DEBUG]  - C:\Users\13475\.gradle\caches\modules-2\files-2.1\io.netty\netty-transport-native-unix-common\4.1.82.Final\3e895b35ca1b8a0eca56cacff4c2dde5d2c6abce\netty-transport-native-unix-common-4.1.82.Final.jar
[Architectury Transformer DEBUG]  - C:\Users\13475\.gradle\caches\modules-2\files-2.1\io.netty\netty-transport\4.1.82.Final\e431a218d91acb6476ccad5f5aafde50aa3945ca\netty-transport-4.1.82.Final.jar
[Architectury Transformer DEBUG]  - C:\Users\13475\.gradle\caches\modules-2\files-2.1\it.unimi.dsi\fastutil\8.5.9\bb7ea75ecdb216654237830b3a96d87ad91f8cc5\fastutil-8.5.9.jar
[Architectury Transformer DEBUG]  - C:\Users\13475\.gradle\caches\modules-2\files-2.1\net.java.dev.jna\jna-platform\5.12.1\97406a297c852f4a41e688a176ec675f72e8329\jna-platform-5.12.1.jar
[Architectury Transformer DEBUG]  - C:\Users\13475\.gradle\caches\modules-2\files-2.1\net.java.dev.jna\jna\5.12.1\b1e93a735caea94f503e95e6fe79bf9cdc1e985d\jna-5.12.1.jar
[Architectury Transformer DEBUG]  - C:\Users\13475\.gradle\caches\modules-2\files-2.1\net.sf.jopt-simple\jopt-simple\5.0.4\4fdac2fbe92dfad86aa6e9301736f6b4342a3f5c\jopt-simple-5.0.4.jar
[Architectury Transformer DEBUG]  - C:\Users\13475\.gradle\caches\modules-2\files-2.1\org.apache.commons\commons-compress\1.21\4ec95b60d4e86b5c95a0e919cb172a0af98011ef\commons-compress-1.21.jar
[Architectury Transformer DEBUG]  - C:\Users\13475\.gradle\caches\modules-2\files-2.1\org.apache.commons\commons-lang3\3.12.0\c6842c86792ff03b9f1d1fe2aab8dc23aa6c6f0e\commons-lang3-3.12.0.jar
[Architectury Transformer DEBUG]  - C:\Users\13475\.gradle\caches\modules-2\files-2.1\org.apache.httpcomponents\httpclient\4.5.13\e5f6cae5ca7ecaac1ec2827a9e2d65ae2869cada\httpclient-4.5.13.jar
[Architectury Transformer DEBUG]  - C:\Users\13475\.gradle\caches\modules-2\files-2.1\org.apache.httpcomponents\httpcore\4.4.15\7f2e0c573eaa7a74bac2e89b359e1f73d92a0a1d\httpcore-4.4.15.jar
[Architectury Transformer DEBUG]  - C:\Users\13475\.gradle\caches\modules-2\files-2.1\org.apache.logging.log4j\log4j-api\2.19.0\ea1b37f38c327596b216542bc636cfdc0b8036fa\log4j-api-2.19.0.jar
[Architectury Transformer DEBUG]  - C:\Users\13475\.gradle\caches\modules-2\files-2.1\org.apache.logging.log4j\log4j-core\2.19.0\3b6eeb4de4c49c0fe38a4ee27188ff5fee44d0bb\log4j-core-2.19.0.jar
[Architectury Transformer DEBUG]  - C:\Users\13475\.gradle\caches\modules-2\files-2.1\org.apache.logging.log4j\log4j-slf4j2-impl\2.19.0\5c04bfdd63ce9dceb2e284b81e96b6a70010ee10\log4j-slf4j2-impl-2.19.0.jar
[Architectury Transformer DEBUG]  - C:\Users\13475\.gradle\caches\modules-2\files-2.1\org.joml\joml\1.10.5\22566d58af70ad3d72308bab63b8339906deb649\joml-1.10.5.jar
[Architectury Transformer DEBUG]  - C:\Users\13475\.gradle\caches\modules-2\files-2.1\org.lwjgl\lwjgl-glfw\3.3.1\cbac1b8d30cb4795149c1ef540f912671a8616d0\lwjgl-glfw-3.3.1.jar
[Architectury Transformer DEBUG]  - C:\Users\13475\.gradle\caches\modules-2\files-2.1\org.lwjgl\lwjgl-jemalloc\3.3.1\a817bcf213db49f710603677457567c37d53e103\lwjgl-jemalloc-3.3.1.jar
[Architectury Transformer DEBUG]  - C:\Users\13475\.gradle\caches\modules-2\files-2.1\org.lwjgl\lwjgl-openal\3.3.1\2623a6b8ae1dfcd880738656a9f0243d2e6840bd\lwjgl-openal-3.3.1.jar
[Architectury Transformer DEBUG]  - C:\Users\13475\.gradle\caches\modules-2\files-2.1\org.lwjgl\lwjgl-opengl\3.3.1\831a5533a21a5f4f81bbc51bb13e9899319b5411\lwjgl-opengl-3.3.1.jar
[Architectury Transformer DEBUG]  - C:\Users\13475\.gradle\caches\modules-2\files-2.1\org.lwjgl\lwjgl-stb\3.3.1\b119297cf8ed01f247abe8685857f8e7fcf5980f\lwjgl-stb-3.3.1.jar
[Architectury Transformer DEBUG]  - C:\Users\13475\.gradle\caches\modules-2\files-2.1\org.lwjgl\lwjgl-tinyfd\3.3.1\ff1914111ef2e3e0110ef2dabc8d8cdaad82347\lwjgl-tinyfd-3.3.1.jar
[Architectury Transformer DEBUG]  - C:\Users\13475\.gradle\caches\modules-2\files-2.1\org.lwjgl\lwjgl\3.3.1\ae58664f88e18a9bb2c77b063833ca7aaec484cb\lwjgl-3.3.1.jar
[Architectury Transformer DEBUG]  - C:\Users\13475\.gradle\caches\modules-2\files-2.1\org.slf4j\slf4j-api\2.0.1\f48d81adce2abf5ad3cfe463df517952749e03bc\slf4j-api-2.0.1.jar
[Architectury Transformer DEBUG]  - D:\MinecraftModProject\Depression1.19.4\.gradle\loom-cache\minecraftMaven\net\minecraft\minecraft-merged-8861180b15\1.19.4-loom.mappings.1_19_4.layered+hash.40359-v2\minecraft-merged-8861180b15-1.19.4-loom.mappings.1_19_4.layered+hash.40359-v2.jar
[Architectury Transformer DEBUG]  - C:\Users\13475\.gradle\caches\modules-2\files-2.1\io.netty\netty-transport-native-epoll\4.1.82.Final\c7350a71920f3ae9142945e25fed4846cce53374\netty-transport-native-epoll-4.1.82.Final-linux-x86_64.jar
[Architectury Transformer DEBUG]  - C:\Users\13475\.gradle\caches\modules-2\files-2.1\io.netty\netty-transport-native-epoll\4.1.82.Final\476409d6255001ca53a55f65b01c13822f8dc93a\netty-transport-native-epoll-4.1.82.Final-linux-aarch_64.jar
[Architectury Transformer DEBUG]  - D:\MinecraftModProject\Depression1.19.4\.gradle\loom-cache\remapped_mods\loom_mappings_1_19_4_layered_hash_40359_v2\dev\architectury\architectury\8.2.91\architectury-8.2.91.jar
[Architectury Transformer] Read classpath in 937.7 ms
[Architectury Transformer DEBUG] Remapping Classes:
[Architectury Transformer DEBUG] Found class transformer
[Architectury Transformer DEBUG] Writing net/depression/Depression with maxs=true frames=true
[Architectury Transformer DEBUG] Writing net/depression/world/VillageAdditions with maxs=true frames=true
[Architectury Transformer DEBUG] Writing net/depression/util/Tools with maxs=true frames=true
[Architectury Transformer DEBUG] Writing net/depression/util/TempValues with maxs=true frames=true
[Architectury Transformer DEBUG] Writing net/depression/tag/ModBannerPatternTags with maxs=true frames=true
[Architectury Transformer DEBUG] Writing net/depression/sound/ModSounds with maxs=true frames=true
[Architectury Transformer DEBUG] Writing net/depression/server/StatManager with maxs=true frames=true
[Architectury Transformer DEBUG] Writing net/depression/server/Registry with maxs=true frames=true
[Architectury Transformer DEBUG] Writing net/depression/screen/MentalTraitSelectionScreen with maxs=true frames=true
[Architectury Transformer DEBUG] Writing net/depression/screen/UncloseableScreen with maxs=true frames=true
[Architectury Transformer DEBUG] Writing net/depression/screen/MentalTraitInfoScreen with maxs=true frames=true
[Architectury Transformer DEBUG] Writing net/depression/screen/MentalTraitButton with maxs=true frames=true
[Architectury Transformer DEBUG] Writing net/depression/screen/VerticalSliderButton with maxs=true frames=true
[Architectury Transformer DEBUG] Writing net/depression/screen/TextButton with maxs=true frames=true
[Architectury Transformer DEBUG] Writing net/depression/network/DiaryUpdatePacket with maxs=true frames=true
[Architectury Transformer DEBUG] Writing net/depression/network/PlaySoundPacket with maxs=true frames=true
[Architectury Transformer DEBUG] Writing net/depression/network/ActionbarHintPacket with maxs=true frames=true
[Architectury Transformer DEBUG] Writing net/depression/network/PTSDOnsetPacket with maxs=true frames=true
[Architectury Transformer DEBUG] Writing net/depression/network/CloseEyePacket with maxs=true frames=true
[Architectury Transformer DEBUG] Writing net/depression/network/MentalStatusPacket with maxs=true frames=true
[Architectury Transformer DEBUG] Writing net/depression/network/MentalTraitPacket with maxs=true frames=true
[Architectury Transformer DEBUG] Writing net/depression/mixin/MilkBucketItemMixin with maxs=true frames=true
[Architectury Transformer DEBUG] Writing net/depression/mixin/PlayerMixin with maxs=true frames=true
[Architectury Transformer DEBUG] Writing net/depression/mixin/ServerBossEventMixin with maxs=true frames=true
[Architectury Transformer DEBUG] Writing net/depression/mixin/PlayerListMixin with maxs=true frames=true
[Architectury Transformer DEBUG] Writing net/depression/mixin/EntityMixin with maxs=true frames=true
[Architectury Transformer DEBUG] Writing net/depression/mixin/ServerLevelMixin with maxs=true frames=true
[Architectury Transformer DEBUG] Writing net/depression/mixin/ChunkMapMixin with maxs=true frames=true
[Architectury Transformer DEBUG] Writing net/depression/mixin/StructureTemplatePoolAccess with maxs=true frames=true
[Architectury Transformer DEBUG] Writing net/depression/mixin/MobAccess with maxs=true frames=true
[Architectury Transformer DEBUG] Writing net/depression/mixin/symptom/ItemStackMixin with maxs=true frames=true
[Architectury Transformer DEBUG] Writing net/depression/mixin/symptom/CrossbowItemMixin with maxs=true frames=true
[Architectury Transformer DEBUG] Writing net/depression/mixin/symptom/BowItemMixin with maxs=true frames=true
[Architectury Transformer DEBUG] Writing net/depression/mixin/symptom/LivingEntityMixin with maxs=true frames=true
[Architectury Transformer DEBUG] Writing net/depression/mixin/emotion/CakeBlockMixin with maxs=true frames=true
[Architectury Transformer DEBUG] Writing net/depression/mixin/emotion/AnimalMixin with maxs=true frames=true
[Architectury Transformer DEBUG] Writing net/depression/mixin/emotion/MobMixin with maxs=true frames=true
[Architectury Transformer DEBUG] Writing net/depression/mixin/emotion/RandomizableContainerBlockEntityMixin with maxs=true frames=true
[Architectury Transformer DEBUG] Writing net/depression/mixin/emotion/RaidMixin with maxs=true frames=true
[Architectury Transformer DEBUG] Writing net/depression/mixin/emotion/JukeboxBlockEntityMixin with maxs=true frames=true
[Architectury Transformer DEBUG] Writing net/depression/mixin/emotion/FishingHookMixin with maxs=true frames=true
[Architectury Transformer DEBUG] Writing net/depression/mixin/emotion/LootTableMixin with maxs=true frames=true
[Architectury Transformer DEBUG] Writing net/depression/mixin/client/LevelRendererMixin with maxs=true frames=true
[Architectury Transformer DEBUG] Writing net/depression/mixin/client/ClientLevelMixin with maxs=true frames=true
[Architectury Transformer DEBUG] Writing net/depression/mixin/client/LocalPlayerMixin with maxs=true frames=true
[Architectury Transformer DEBUG] Writing net/depression/mixin/client/KeyboardHandlerMixin with maxs=true frames=true
[Architectury Transformer DEBUG] Writing net/depression/mixin/client/BookViewScreenMixin with maxs=true frames=true
[Architectury Transformer DEBUG] Writing net/depression/mixin/client/AbstractSliderButtonMixin with maxs=true frames=true
[Architectury Transformer DEBUG] Writing net/depression/mixin/client/FontAccess with maxs=true frames=true
[Architectury Transformer DEBUG] Writing net/depression/mental/MentalStatus with maxs=true frames=true
[Architectury Transformer DEBUG] Writing net/depression/mental/MentalTrait with maxs=true frames=true
[Architectury Transformer DEBUG] Writing net/depression/mental/MentalIllnessPool with maxs=true frames=true
[Architectury Transformer DEBUG] Writing net/depression/mental/PTSDManager with maxs=true frames=true
[Architectury Transformer DEBUG] Writing net/depression/mental/MentalIllness with maxs=true frames=true
[Architectury Transformer DEBUG] Writing net/depression/mental/MentalIllness$1 with maxs=true frames=true
[Architectury Transformer DEBUG] Writing net/depression/listener/LifeCycleEventListener with maxs=true frames=true
[Architectury Transformer DEBUG] Writing net/depression/listener/PlayerEventListener with maxs=true frames=true
[Architectury Transformer DEBUG] Writing net/depression/listener/EntityEventListener with maxs=true frames=true
[Architectury Transformer DEBUG] Writing net/depression/listener/CommandRegistrationListener with maxs=true frames=true
[Architectury Transformer DEBUG] Writing net/depression/listener/BlockEventListener with maxs=true frames=true
[Architectury Transformer DEBUG] Writing net/depression/listener/client/ClientLifecycleEventListener with maxs=true frames=true
[Architectury Transformer DEBUG] Writing net/depression/listener/client/ClientRawInputEventListener with maxs=true frames=true
[Architectury Transformer DEBUG] Writing net/depression/item/ModCreativeTabs with maxs=true frames=true
[Architectury Transformer DEBUG] Writing net/depression/item/ModItems with maxs=true frames=true
[Architectury Transformer DEBUG] Writing net/depression/item/DiaryItem with maxs=true frames=true
[Architectury Transformer DEBUG] Writing net/depression/item/ScreenItem with maxs=true frames=true
[Architectury Transformer DEBUG] Writing net/depression/item/MedicineItem with maxs=true frames=true
[Architectury Transformer DEBUG] Writing net/depression/item/MentalHealthScaleItem with maxs=true frames=true
[Architectury Transformer DEBUG] Writing net/depression/item/AntiDepressantItem with maxs=true frames=true
[Architectury Transformer DEBUG] Writing net/depression/item/diary/ConditionComponent with maxs=true frames=true
[Architectury Transformer DEBUG] Writing net/depression/item/diary/ConditionComponents with maxs=true frames=true
[Architectury Transformer DEBUG] Writing net/depression/effect/AntiManiaEffect with maxs=true frames=true
[Architectury Transformer DEBUG] Writing net/depression/effect/AntiDepressionEffect with maxs=true frames=true
[Architectury Transformer DEBUG] Writing net/depression/effect/ModEffects with maxs=true frames=true
[Architectury Transformer DEBUG] Writing net/depression/effect/SleepinessEffect with maxs=true frames=true
[Architectury Transformer DEBUG] Writing net/depression/config/ServerConfig with maxs=true frames=true
[Architectury Transformer DEBUG] Writing net/depression/config/ClientConfig with maxs=true frames=true
[Architectury Transformer DEBUG] Writing net/depression/client/ClientDiaryUpdater with maxs=true frames=true
[Architectury Transformer DEBUG] Writing net/depression/client/ClientMentalIllness with maxs=true frames=true
[Architectury Transformer DEBUG] Writing net/depression/client/ClientPTSDManager with maxs=true frames=true
[Architectury Transformer DEBUG] Writing net/depression/client/ClientPTSDManager$TinnitusSoundInstance with maxs=true frames=true
[Architectury Transformer DEBUG] Writing net/depression/client/ClientMentalStatus with maxs=true frames=true
[Architectury Transformer DEBUG] Writing net/depression/client/DepressionClient with maxs=true frames=true
[Architectury Transformer DEBUG] Writing net/depression/client/ClientActionbarHint with maxs=true frames=true
[Architectury Transformer DEBUG] Writing net/depression/client/screen/DiaryAccess with maxs=true frames=true
[Architectury Transformer DEBUG] Writing net/depression/block/ComputerBlock$1 with maxs=true frames=true
[Architectury Transformer DEBUG] Writing net/depression/block/ModBlocks with maxs=true frames=true
[Architectury Transformer DEBUG] Writing net/depression/block/ComputerBlock with maxs=true frames=true
[Architectury Transformer DEBUG] Writing net/depression/block/entity/ModBannerPatterns with maxs=true frames=true
[Architectury Transformer DEBUG] Checking whether /depression.mixins.json is a mixin config.
[Architectury Transformer DEBUG] Checking whether /depression-common-common-refmap.json is a mixin config.
[Architectury Transformer DEBUG] Found mixin config(s): /depression.mixins.json
[Architectury Transformer DEBUG] Injecting depression-common-common-refmap.json to /depression.mixins.json
[Architectury Transformer DEBUG] Closed File Systems for D:\MinecraftModProject\Depression1.19.4\common\build\libs\depression-common-0.1.5+1.19.4-transformProductionFabric.jar
[Architectury Transformer] Transformed jar with 5 transformer(s) in 1.218 s
[Architectury Transformer DEBUG] 
[Architectury Transformer DEBUG] ============================
[Architectury Transformer DEBUG] Transforming from D:\MinecraftModProject\Depression1.19.4\common\build\devlibs\depression-common-0.1.5+1.19.4-dev.jar to D:\MinecraftModProject\Depression1.19.4\common\build\libs\depression-common-0.1.5+1.19.4-transformProductionForge.jar
[Architectury Transformer DEBUG] ============================
[Architectury Transformer DEBUG] 
[Architectury Transformer DEBUG] Transforming 7 transformer(s) from D:\MinecraftModProject\Depression1.19.4\common\build\devlibs\depression-common-0.1.5+1.19.4-dev.jar to D:\MinecraftModProject\Depression1.19.4\common\build\libs\depression-common-0.1.5+1.19.4-transformProductionForge.jar: 
[Architectury Transformer DEBUG]  - dev.architectury.transformer.transformers.TransformExpectPlatform@4be8af68
[Architectury Transformer DEBUG]  - dev.architectury.transformer.transformers.RemapInjectables@527d274
[Architectury Transformer DEBUG]  - AddRefmapName(enabled=() -> kotlin.Boolean)
[Architectury Transformer DEBUG]  - dev.architectury.transformer.transformers.TransformPlatformOnly@21b78965
[Architectury Transformer DEBUG]  - dev.architectury.transformer.transformers.TransformForgeAnnotations@7f6c062
[Architectury Transformer DEBUG]  - dev.architectury.transformer.transformers.TransformForgeEnvironment@64d0ba90
[Architectury Transformer DEBUG]  - dev.architectury.transformer.transformers.FixForgeMixin@4ae5d9b1
[Architectury Transformer DEBUG] Transforming from D:\MinecraftModProject\Depression1.19.4\common\build\devlibs\depression-common-0.1.5+1.19.4-dev.jar to D:\MinecraftModProject\Depression1.19.4\common\build\libs\depression-common-0.1.5+1.19.4-transformProductionForge.jar with 7 transformer(s) on dev.architectury.transformer.handler.SimpleTransformerHandler
[Architectury Transformer DEBUG] Reading mixin mappings file: D:\MinecraftModProject\Depression1.19.4\common\build\loom-cache\mixin-map-loom.mappings.1_19_4.layered+hash.40359-v2.main.tiny
[Architectury Transformer DEBUG] Remapping with 2 mapping provider(s):
[Architectury Transformer DEBUG]  - dev.architectury.transformer.transformers.TransformForgeEnvironment$$Lambda$3727/0x00000184b908fa28@791ba71f
[Architectury Transformer DEBUG]  - dev.architectury.transformer.transformers.TransformForgeEnvironment$$Lambda$3726/0x00000184b908f808@57049d29
[Architectury Transformer DEBUG] Provided 59 classpath jar(s):
[Architectury Transformer DEBUG]  - C:\Users\13475\.gradle\caches\modules-2\files-2.1\dev.architectury\architectury-injectables\1.0.10\62db2a366d662606d1b23ad02ccc3212ed37ec3\architectury-injectables-1.0.10.jar
[Architectury Transformer DEBUG]  - C:\Users\13475\.gradle\caches\modules-2\files-2.1\net.fabricmc\fabric-loader\0.16.9\7eaa23079ac1569963e488054db124c7eb984f05\fabric-loader-0.16.9.jar
[Architectury Transformer DEBUG]  - C:\Users\13475\.gradle\caches\modules-2\files-2.1\org.jetbrains\annotations\24.1.0\7af6a669488450c4a07c2c3254e2151df42d7d04\annotations-24.1.0.jar
[Architectury Transformer DEBUG]  - C:\Users\13475\.gradle\caches\modules-2\files-2.1\com.electronwill.night-config\toml\3.6.0\f0c2c48748bdfc8d1f3798ec478f003bccc7e0b1\toml-3.6.0.jar
[Architectury Transformer DEBUG]  - C:\Users\13475\.gradle\caches\modules-2\files-2.1\com.electronwill.night-config\core\3.6.0\412f2edf0ef6cc9178ab38751af4e507f413bef\core-3.6.0.jar
[Architectury Transformer DEBUG]  - C:\Users\13475\.gradle\caches\modules-2\files-2.1\org.ow2.asm\asm\9.6\aa205cf0a06dbd8e04ece91c0b37c3f5d567546a\asm-9.6.jar
[Architectury Transformer DEBUG]  - C:\Users\13475\.gradle\caches\modules-2\files-2.1\org.ow2.asm\asm-analysis\9.6\9ce6c7b174bd997fc2552dff47964546bd7a5ec3\asm-analysis-9.6.jar
[Architectury Transformer DEBUG]  - C:\Users\13475\.gradle\caches\modules-2\files-2.1\org.ow2.asm\asm-commons\9.6\f1a9e5508eff490744144565c47326c8648be309\asm-commons-9.6.jar
[Architectury Transformer DEBUG]  - C:\Users\13475\.gradle\caches\modules-2\files-2.1\org.ow2.asm\asm-tree\9.6\c0cdda9d211e965d2a4448aa3fd86110f2f8c2de\asm-tree-9.6.jar
[Architectury Transformer DEBUG]  - C:\Users\13475\.gradle\caches\modules-2\files-2.1\org.ow2.asm\asm-util\9.6\f77caf84eb93786a749b2baa40865b9613e3eaee\asm-util-9.6.jar
[Architectury Transformer DEBUG]  - C:\Users\13475\.gradle\caches\modules-2\files-2.1\net.fabricmc\sponge-mixin\0.13.3+mixin.0.8.5\9527e6b0d2449408958fd1302594dc65ec5ade9c\sponge-mixin-0.13.3+mixin.0.8.5.jar
[Architectury Transformer DEBUG]  - C:\Users\13475\.gradle\caches\modules-2\files-2.1\io.github.llamalad7\mixinextras-fabric\0.3.5\3b577be20ea942610b3045e4f0cd909fa415a9d3\mixinextras-fabric-0.3.5.jar
[Architectury Transformer DEBUG]  - C:\Users\13475\.gradle\caches\modules-2\files-2.1\com.github.oshi\oshi-core\6.2.2\54f5efc19bca95d709d9a37d19ffcbba3d21c1a6\oshi-core-6.2.2.jar
[Architectury Transformer DEBUG]  - C:\Users\13475\.gradle\caches\modules-2\files-2.1\com.google.code.gson\gson\2.10\dd9b193aef96e973d5a11ab13cd17430c2e4306b\gson-2.10.jar
[Architectury Transformer DEBUG]  - C:\Users\13475\.gradle\caches\modules-2\files-2.1\com.google.guava\failureaccess\1.0.1\1dcf1de382a0bf95a3d8b0849546c88bac1292c9\failureaccess-1.0.1.jar
[Architectury Transformer DEBUG]  - C:\Users\13475\.gradle\caches\modules-2\files-2.1\com.google.guava\guava\31.1-jre\60458f877d055d0c9114d9e1a2efb737b4bc282c\guava-31.1-jre.jar
[Architectury Transformer DEBUG]  - C:\Users\13475\.gradle\caches\modules-2\files-2.1\com.ibm.icu\icu4j\71.1\9e7d3304c23f9ba5cb71915f7cce23231a57a445\icu4j-71.1.jar
[Architectury Transformer DEBUG]  - C:\Users\13475\.gradle\caches\modules-2\files-2.1\com.mojang\authlib\3.18.38\16106b26bce62bda55bab42785b999e44d77ecb\authlib-3.18.38.jar
[Architectury Transformer DEBUG]  - C:\Users\13475\.gradle\caches\modules-2\files-2.1\com.mojang\blocklist\1.0.10\5c685c5ffa94c4cd39496c7184c1d122e515ecef\blocklist-1.0.10.jar
[Architectury Transformer DEBUG]  - C:\Users\13475\.gradle\caches\modules-2\files-2.1\com.mojang\brigadier\1.0.18\c1ef1234282716483c92183f49bef47b1a89bfa9\brigadier-1.0.18.jar
[Architectury Transformer DEBUG]  - C:\Users\13475\.gradle\caches\modules-2\files-2.1\com.mojang\datafixerupper\6.0.6\e38e20946530646e866db03b2b192883d0ea6e84\datafixerupper-6.0.6.jar
[Architectury Transformer DEBUG]  - C:\Users\13475\.gradle\caches\modules-2\files-2.1\com.mojang\logging\1.1.1\832b8e6674a9b325a5175a3a6267dfaf34c85139\logging-1.1.1.jar
[Architectury Transformer DEBUG]  - C:\Users\13475\.gradle\caches\modules-2\files-2.1\com.mojang\patchy\2.2.10\da05971b07cbb379d002cf7eaec6a2048211fefc\patchy-2.2.10.jar
[Architectury Transformer DEBUG]  - C:\Users\13475\.gradle\caches\modules-2\files-2.1\com.mojang\text2speech\1.16.7\ee4095669061d1fe4bce5fea23d69d1520bc2d58\text2speech-1.16.7.jar
[Architectury Transformer DEBUG]  - C:\Users\13475\.gradle\caches\modules-2\files-2.1\commons-codec\commons-codec\1.15\49d94806b6e3dc933dacbd8acb0fdbab8ebd1e5d\commons-codec-1.15.jar
[Architectury Transformer DEBUG]  - C:\Users\13475\.gradle\caches\modules-2\files-2.1\commons-io\commons-io\2.11.0\a2503f302b11ebde7ebc3df41daebe0e4eea3689\commons-io-2.11.0.jar
[Architectury Transformer DEBUG]  - C:\Users\13475\.gradle\caches\modules-2\files-2.1\commons-logging\commons-logging\1.2\4bfc12adfe4842bf07b657f0369c4cb522955686\commons-logging-1.2.jar
[Architectury Transformer DEBUG]  - C:\Users\13475\.gradle\caches\modules-2\files-2.1\io.netty\netty-buffer\4.1.82.Final\a544270cf1ae8b8077082f5036436a9a9971ea71\netty-buffer-4.1.82.Final.jar
[Architectury Transformer DEBUG]  - C:\Users\13475\.gradle\caches\modules-2\files-2.1\io.netty\netty-codec\4.1.82.Final\b77200379acb345a9ffdece1c605e591ac3e4e0a\netty-codec-4.1.82.Final.jar
[Architectury Transformer DEBUG]  - C:\Users\13475\.gradle\caches\modules-2\files-2.1\io.netty\netty-common\4.1.82.Final\22d148e85c3f5ebdacc0ce1f5aabb1d420f73f3\netty-common-4.1.82.Final.jar
[Architectury Transformer DEBUG]  - C:\Users\13475\.gradle\caches\modules-2\files-2.1\io.netty\netty-handler\4.1.82.Final\644041d1fa96a5d3130a29e8978630d716d76e38\netty-handler-4.1.82.Final.jar
[Architectury Transformer DEBUG]  - C:\Users\13475\.gradle\caches\modules-2\files-2.1\io.netty\netty-resolver\4.1.82.Final\38f665ae8dcd29032eea31245ba7806bed2e0fa8\netty-resolver-4.1.82.Final.jar
[Architectury Transformer DEBUG]  - C:\Users\13475\.gradle\caches\modules-2\files-2.1\io.netty\netty-transport-classes-epoll\4.1.82.Final\e7c7dd18deac93105797f30057c912651ea76521\netty-transport-classes-epoll-4.1.82.Final.jar
[Architectury Transformer DEBUG]  - C:\Users\13475\.gradle\caches\modules-2\files-2.1\io.netty\netty-transport-native-unix-common\4.1.82.Final\3e895b35ca1b8a0eca56cacff4c2dde5d2c6abce\netty-transport-native-unix-common-4.1.82.Final.jar
[Architectury Transformer DEBUG]  - C:\Users\13475\.gradle\caches\modules-2\files-2.1\io.netty\netty-transport\4.1.82.Final\e431a218d91acb6476ccad5f5aafde50aa3945ca\netty-transport-4.1.82.Final.jar
[Architectury Transformer DEBUG]  - C:\Users\13475\.gradle\caches\modules-2\files-2.1\it.unimi.dsi\fastutil\8.5.9\bb7ea75ecdb216654237830b3a96d87ad91f8cc5\fastutil-8.5.9.jar
[Architectury Transformer DEBUG]  - C:\Users\13475\.gradle\caches\modules-2\files-2.1\net.java.dev.jna\jna-platform\5.12.1\97406a297c852f4a41e688a176ec675f72e8329\jna-platform-5.12.1.jar
[Architectury Transformer DEBUG]  - C:\Users\13475\.gradle\caches\modules-2\files-2.1\net.java.dev.jna\jna\5.12.1\b1e93a735caea94f503e95e6fe79bf9cdc1e985d\jna-5.12.1.jar
[Architectury Transformer DEBUG]  - C:\Users\13475\.gradle\caches\modules-2\files-2.1\net.sf.jopt-simple\jopt-simple\5.0.4\4fdac2fbe92dfad86aa6e9301736f6b4342a3f5c\jopt-simple-5.0.4.jar
[Architectury Transformer DEBUG]  - C:\Users\13475\.gradle\caches\modules-2\files-2.1\org.apache.commons\commons-compress\1.21\4ec95b60d4e86b5c95a0e919cb172a0af98011ef\commons-compress-1.21.jar
[Architectury Transformer DEBUG]  - C:\Users\13475\.gradle\caches\modules-2\files-2.1\org.apache.commons\commons-lang3\3.12.0\c6842c86792ff03b9f1d1fe2aab8dc23aa6c6f0e\commons-lang3-3.12.0.jar
[Architectury Transformer DEBUG]  - C:\Users\13475\.gradle\caches\modules-2\files-2.1\org.apache.httpcomponents\httpclient\4.5.13\e5f6cae5ca7ecaac1ec2827a9e2d65ae2869cada\httpclient-4.5.13.jar
[Architectury Transformer DEBUG]  - C:\Users\13475\.gradle\caches\modules-2\files-2.1\org.apache.httpcomponents\httpcore\4.4.15\7f2e0c573eaa7a74bac2e89b359e1f73d92a0a1d\httpcore-4.4.15.jar
[Architectury Transformer DEBUG]  - C:\Users\13475\.gradle\caches\modules-2\files-2.1\org.apache.logging.log4j\log4j-api\2.19.0\ea1b37f38c327596b216542bc636cfdc0b8036fa\log4j-api-2.19.0.jar
[Architectury Transformer DEBUG]  - C:\Users\13475\.gradle\caches\modules-2\files-2.1\org.apache.logging.log4j\log4j-core\2.19.0\3b6eeb4de4c49c0fe38a4ee27188ff5fee44d0bb\log4j-core-2.19.0.jar
[Architectury Transformer DEBUG]  - C:\Users\13475\.gradle\caches\modules-2\files-2.1\org.apache.logging.log4j\log4j-slf4j2-impl\2.19.0\5c04bfdd63ce9dceb2e284b81e96b6a70010ee10\log4j-slf4j2-impl-2.19.0.jar
[Architectury Transformer DEBUG]  - C:\Users\13475\.gradle\caches\modules-2\files-2.1\org.joml\joml\1.10.5\22566d58af70ad3d72308bab63b8339906deb649\joml-1.10.5.jar
[Architectury Transformer DEBUG]  - C:\Users\13475\.gradle\caches\modules-2\files-2.1\org.lwjgl\lwjgl-glfw\3.3.1\cbac1b8d30cb4795149c1ef540f912671a8616d0\lwjgl-glfw-3.3.1.jar
[Architectury Transformer DEBUG]  - C:\Users\13475\.gradle\caches\modules-2\files-2.1\org.lwjgl\lwjgl-jemalloc\3.3.1\a817bcf213db49f710603677457567c37d53e103\lwjgl-jemalloc-3.3.1.jar
[Architectury Transformer DEBUG]  - C:\Users\13475\.gradle\caches\modules-2\files-2.1\org.lwjgl\lwjgl-openal\3.3.1\2623a6b8ae1dfcd880738656a9f0243d2e6840bd\lwjgl-openal-3.3.1.jar
[Architectury Transformer DEBUG]  - C:\Users\13475\.gradle\caches\modules-2\files-2.1\org.lwjgl\lwjgl-opengl\3.3.1\831a5533a21a5f4f81bbc51bb13e9899319b5411\lwjgl-opengl-3.3.1.jar
[Architectury Transformer DEBUG]  - C:\Users\13475\.gradle\caches\modules-2\files-2.1\org.lwjgl\lwjgl-stb\3.3.1\b119297cf8ed01f247abe8685857f8e7fcf5980f\lwjgl-stb-3.3.1.jar
[Architectury Transformer DEBUG]  - C:\Users\13475\.gradle\caches\modules-2\files-2.1\org.lwjgl\lwjgl-tinyfd\3.3.1\ff1914111ef2e3e0110ef2dabc8d8cdaad82347\lwjgl-tinyfd-3.3.1.jar
[Architectury Transformer DEBUG]  - C:\Users\13475\.gradle\caches\modules-2\files-2.1\org.lwjgl\lwjgl\3.3.1\ae58664f88e18a9bb2c77b063833ca7aaec484cb\lwjgl-3.3.1.jar
[Architectury Transformer DEBUG]  - C:\Users\13475\.gradle\caches\modules-2\files-2.1\org.slf4j\slf4j-api\2.0.1\f48d81adce2abf5ad3cfe463df517952749e03bc\slf4j-api-2.0.1.jar
[Architectury Transformer DEBUG]  - D:\MinecraftModProject\Depression1.19.4\.gradle\loom-cache\minecraftMaven\net\minecraft\minecraft-merged-8861180b15\1.19.4-loom.mappings.1_19_4.layered+hash.40359-v2\minecraft-merged-8861180b15-1.19.4-loom.mappings.1_19_4.layered+hash.40359-v2.jar
[Architectury Transformer DEBUG]  - C:\Users\13475\.gradle\caches\modules-2\files-2.1\io.netty\netty-transport-native-epoll\4.1.82.Final\c7350a71920f3ae9142945e25fed4846cce53374\netty-transport-native-epoll-4.1.82.Final-linux-x86_64.jar
[Architectury Transformer DEBUG]  - C:\Users\13475\.gradle\caches\modules-2\files-2.1\io.netty\netty-transport-native-epoll\4.1.82.Final\476409d6255001ca53a55f65b01c13822f8dc93a\netty-transport-native-epoll-4.1.82.Final-linux-aarch_64.jar
[Architectury Transformer DEBUG]  - D:\MinecraftModProject\Depression1.19.4\.gradle\loom-cache\remapped_mods\loom_mappings_1_19_4_layered_hash_40359_v2\dev\architectury\architectury\8.2.91\architectury-8.2.91.jar
[Architectury Transformer] Read classpath in 712.2 ms
[Architectury Transformer DEBUG] Remap mixin method net/depression/mixin/client/BookViewScreenMixin#getNumPages()I -> m_98300_
[Architectury Transformer DEBUG] Remap mixin method net/depression/mixin/client/BookViewScreenMixin#getClickedComponentStyleAt(DD)Lnet/minecraft/network/chat/Style; -> m_98268_
[Architectury Transformer DEBUG] Remap mixin method net/depression/mixin/client/KeyboardHandlerMixin#keyPress(JIIII)V -> m_90893_
[Architectury Transformer DEBUG] Remap mixin method net/depression/mixin/EntityMixin#getLevel()Lnet/minecraft/world/level/Level; -> m_9236_
[Architectury Transformer DEBUG] Remap mixin method net/depression/mixin/EntityMixin#tick()V -> m_8119_
[Architectury Transformer DEBUG] Remap mixin field net/depression/mixin/client/BookViewScreenMixin#bookAccess:Lnet/minecraft/client/gui/screens/inventory/BookViewScreen$BookAccess; -> f_98253_
[Architectury Transformer DEBUG] Remap mixin field net/depression/mixin/client/BookViewScreenMixin#cachedPage:I -> f_98256_
[Architectury Transformer DEBUG] Remap mixin field net/depression/mixin/client/BookViewScreenMixin#currentPage:I -> f_98254_
[Architectury Transformer DEBUG] Remap mixin field net/depression/mixin/client/BookViewScreenMixin#cachedPageComponents:Ljava/util/List; -> f_98255_
[Architectury Transformer DEBUG] Remap mixin field net/depression/mixin/client/BookViewScreenMixin#pageMsg:Lnet/minecraft/network/chat/Component; -> f_98257_
[Architectury Transformer DEBUG] Remap mixin field net/depression/mixin/client/KeyboardHandlerMixin#minecraft:Lnet/minecraft/client/Minecraft; -> f_90867_
[Architectury Transformer DEBUG] Remap mixin field net/depression/mixin/client/LevelRendererMixin#level:Lnet/minecraft/client/multiplayer/ClientLevel; -> f_109465_
[Architectury Transformer DEBUG] Remap mixin field net/depression/mixin/client/LevelRendererMixin#entityRenderDispatcher:Lnet/minecraft/client/renderer/entity/EntityRenderDispatcher; -> f_109463_
[Architectury Transformer DEBUG] Remap mixin field net/depression/mixin/client/LevelRendererMixin#renderBuffers:Lnet/minecraft/client/renderer/RenderBuffers; -> f_109464_
[Architectury Transformer DEBUG] Remap mixin field net/depression/mixin/emotion/RaidMixin#badOmenLevel:I -> f_37679_
[Architectury Transformer DEBUG] Remapping Classes:
[Architectury Transformer DEBUG] net/fabricmc/api/EnvType -> net/minecraftforge/api/distmarker/Dist
[Architectury Transformer DEBUG] net/fabricmc/api/Environment -> net/minecraftforge/api/distmarker/OnlyIn
[Architectury Transformer DEBUG] Found class transformer
[Architectury Transformer DEBUG] Writing net/depression/Depression with maxs=true frames=true
[Architectury Transformer DEBUG] Writing net/depression/world/VillageAdditions with maxs=true frames=true
[Architectury Transformer DEBUG] Writing net/depression/util/Tools with maxs=true frames=true
[Architectury Transformer DEBUG] Writing net/depression/util/TempValues with maxs=true frames=true
[Architectury Transformer DEBUG] Writing net/depression/tag/ModBannerPatternTags with maxs=true frames=true
[Architectury Transformer DEBUG] Writing net/depression/sound/ModSounds with maxs=true frames=true
[Architectury Transformer DEBUG] Writing net/depression/server/StatManager with maxs=true frames=true
[Architectury Transformer DEBUG] Writing net/depression/server/Registry with maxs=true frames=true
[Architectury Transformer DEBUG] Writing net/depression/screen/MentalTraitButton with maxs=true frames=true
[Architectury Transformer DEBUG] Writing net/depression/screen/MentalTraitSelectionScreen with maxs=true frames=true
[Architectury Transformer DEBUG] Writing net/depression/screen/UncloseableScreen with maxs=true frames=true
[Architectury Transformer DEBUG] Writing net/depression/screen/VerticalSliderButton with maxs=true frames=true
[Architectury Transformer DEBUG] Writing net/depression/screen/TextButton with maxs=true frames=true
[Architectury Transformer DEBUG] Writing net/depression/screen/MentalTraitInfoScreen with maxs=true frames=true
[Architectury Transformer DEBUG] Writing net/depression/network/DiaryUpdatePacket with maxs=true frames=true
[Architectury Transformer DEBUG] Writing net/depression/network/PlaySoundPacket with maxs=true frames=true
[Architectury Transformer DEBUG] Writing net/depression/network/ActionbarHintPacket with maxs=true frames=true
[Architectury Transformer DEBUG] Writing net/depression/network/PTSDOnsetPacket with maxs=true frames=true
[Architectury Transformer DEBUG] Writing net/depression/network/CloseEyePacket with maxs=true frames=true
[Architectury Transformer DEBUG] Writing net/depression/network/MentalStatusPacket with maxs=true frames=true
[Architectury Transformer DEBUG] Writing net/depression/network/MentalTraitPacket with maxs=true frames=true
[Architectury Transformer DEBUG] Writing net/depression/mixin/ServerBossEventMixin with maxs=true frames=true
[Architectury Transformer DEBUG] Writing net/depression/mixin/MilkBucketItemMixin with maxs=true frames=true
[Architectury Transformer DEBUG] Writing net/depression/mixin/PlayerMixin with maxs=true frames=true
[Architectury Transformer DEBUG] Writing net/depression/mixin/PlayerListMixin with maxs=true frames=true
[Architectury Transformer DEBUG] Writing net/depression/mixin/EntityMixin with maxs=true frames=true
[Architectury Transformer DEBUG] Writing net/depression/mixin/ServerLevelMixin with maxs=true frames=true
[Architectury Transformer DEBUG] Writing net/depression/mixin/ChunkMapMixin with maxs=true frames=true
[Architectury Transformer DEBUG] Writing net/depression/mixin/MobAccess with maxs=true frames=true
[Architectury Transformer DEBUG] Writing net/depression/mixin/StructureTemplatePoolAccess with maxs=true frames=true
[Architectury Transformer DEBUG] Writing net/depression/mixin/symptom/ItemStackMixin with maxs=true frames=true
[Architectury Transformer DEBUG] Writing net/depression/mixin/symptom/CrossbowItemMixin with maxs=true frames=true
[Architectury Transformer DEBUG] Writing net/depression/mixin/symptom/BowItemMixin with maxs=true frames=true
[Architectury Transformer DEBUG] Writing net/depression/mixin/symptom/LivingEntityMixin with maxs=true frames=true
[Architectury Transformer DEBUG] Writing net/depression/mixin/emotion/AnimalMixin with maxs=true frames=true
[Architectury Transformer DEBUG] Writing net/depression/mixin/emotion/CakeBlockMixin with maxs=true frames=true
[Architectury Transformer DEBUG] Writing net/depression/mixin/emotion/RandomizableContainerBlockEntityMixin with maxs=true frames=true
[Architectury Transformer DEBUG] Writing net/depression/mixin/emotion/MobMixin with maxs=true frames=true
[Architectury Transformer DEBUG] Writing net/depression/mixin/emotion/RaidMixin with maxs=true frames=true
[Architectury Transformer DEBUG] Writing net/depression/mixin/emotion/JukeboxBlockEntityMixin with maxs=true frames=true
[Architectury Transformer DEBUG] Writing net/depression/mixin/emotion/FishingHookMixin with maxs=true frames=true
[Architectury Transformer DEBUG] Writing net/depression/mixin/emotion/LootTableMixin with maxs=true frames=true
[Architectury Transformer DEBUG] Writing net/depression/mixin/client/LevelRendererMixin with maxs=true frames=true
[Architectury Transformer DEBUG] Writing net/depression/mixin/client/LocalPlayerMixin with maxs=true frames=true
[Architectury Transformer DEBUG] Writing net/depression/mixin/client/KeyboardHandlerMixin with maxs=true frames=true
[Architectury Transformer DEBUG] Writing net/depression/mixin/client/BookViewScreenMixin with maxs=true frames=true
[Architectury Transformer DEBUG] Writing net/depression/mixin/client/FontAccess with maxs=true frames=true
[Architectury Transformer DEBUG] Writing net/depression/mixin/client/ClientLevelMixin with maxs=true frames=true
[Architectury Transformer DEBUG] Writing net/depression/mixin/client/AbstractSliderButtonMixin with maxs=true frames=true
[Architectury Transformer DEBUG] Writing net/depression/mental/MentalStatus with maxs=true frames=true
[Architectury Transformer DEBUG] Writing net/depression/mental/MentalTrait with maxs=true frames=true
[Architectury Transformer DEBUG] Writing net/depression/mental/MentalIllnessPool with maxs=true frames=true
[Architectury Transformer DEBUG] Writing net/depression/mental/PTSDManager with maxs=true frames=true
[Architectury Transformer DEBUG] Writing net/depression/mental/MentalIllness$1 with maxs=true frames=true
[Architectury Transformer DEBUG] Writing net/depression/mental/MentalIllness with maxs=true frames=true
[Architectury Transformer DEBUG] Writing net/depression/listener/PlayerEventListener with maxs=true frames=true
[Architectury Transformer DEBUG] Writing net/depression/listener/EntityEventListener with maxs=true frames=true
[Architectury Transformer DEBUG] Writing net/depression/listener/LifeCycleEventListener with maxs=true frames=true
[Architectury Transformer DEBUG] Writing net/depression/listener/BlockEventListener with maxs=true frames=true
[Architectury Transformer DEBUG] Writing net/depression/listener/CommandRegistrationListener with maxs=true frames=true
[Architectury Transformer DEBUG] Writing net/depression/listener/client/ClientLifecycleEventListener with maxs=true frames=true
[Architectury Transformer DEBUG] Writing net/depression/listener/client/ClientRawInputEventListener with maxs=true frames=true
[Architectury Transformer DEBUG] Writing net/depression/item/ModCreativeTabs with maxs=true frames=true
[Architectury Transformer DEBUG] Writing net/depression/item/ModItems with maxs=true frames=true
[Architectury Transformer DEBUG] Writing net/depression/item/DiaryItem with maxs=true frames=true
[Architectury Transformer DEBUG] Writing net/depression/item/ScreenItem with maxs=true frames=true
[Architectury Transformer DEBUG] Writing net/depression/item/MedicineItem with maxs=true frames=true
[Architectury Transformer DEBUG] Writing net/depression/item/MentalHealthScaleItem with maxs=true frames=true
[Architectury Transformer DEBUG] Writing net/depression/item/AntiDepressantItem with maxs=true frames=true
[Architectury Transformer DEBUG] Writing net/depression/item/diary/ConditionComponent with maxs=true frames=true
[Architectury Transformer DEBUG] Writing net/depression/item/diary/ConditionComponents with maxs=true frames=true
[Architectury Transformer DEBUG] Writing net/depression/effect/AntiManiaEffect with maxs=true frames=true
[Architectury Transformer DEBUG] Writing net/depression/effect/AntiDepressionEffect with maxs=true frames=true
[Architectury Transformer DEBUG] Writing net/depression/effect/ModEffects with maxs=true frames=true
[Architectury Transformer DEBUG] Writing net/depression/effect/SleepinessEffect with maxs=true frames=true
[Architectury Transformer DEBUG] Writing net/depression/config/ServerConfig with maxs=true frames=true
[Architectury Transformer DEBUG] Writing net/depression/config/ClientConfig with maxs=true frames=true
[Architectury Transformer DEBUG] Writing net/depression/client/ClientDiaryUpdater with maxs=true frames=true
[Architectury Transformer DEBUG] Writing net/depression/client/ClientPTSDManager with maxs=true frames=true
[Architectury Transformer DEBUG] Writing net/depression/client/ClientMentalIllness with maxs=true frames=true
[Architectury Transformer DEBUG] Writing net/depression/client/ClientPTSDManager$TinnitusSoundInstance with maxs=true frames=true
[Architectury Transformer DEBUG] Writing net/depression/client/ClientMentalStatus with maxs=true frames=true
[Architectury Transformer DEBUG] Writing net/depression/client/ClientActionbarHint with maxs=true frames=true
[Architectury Transformer DEBUG] Writing net/depression/client/DepressionClient with maxs=true frames=true
[Architectury Transformer DEBUG] Writing net/depression/client/screen/DiaryAccess with maxs=true frames=true
[Architectury Transformer DEBUG] Writing net/depression/block/ModBlocks with maxs=true frames=true
[Architectury Transformer DEBUG] Writing net/depression/block/ComputerBlock$1 with maxs=true frames=true
[Architectury Transformer DEBUG] Writing net/depression/block/ComputerBlock with maxs=true frames=true
[Architectury Transformer DEBUG] Writing net/depression/block/entity/ModBannerPatterns with maxs=true frames=true
[Architectury Transformer DEBUG] Checking whether /depression.mixins.json is a mixin config.
[Architectury Transformer DEBUG] Checking whether /depression-common-common-refmap.json is a mixin config.
[Architectury Transformer DEBUG] Found mixin config(s): /depression.mixins.json
[Architectury Transformer DEBUG] Injecting depression-common-common-refmap.json to /depression.mixins.json
[Architectury Transformer DEBUG] Checking whether /depression.mixins.json is a mixin config.
[Architectury Transformer DEBUG] Checking whether /depression-common-common-refmap.json is a mixin config.
[Architectury Transformer DEBUG] Found mixin config(s): depression.mixins.json
[Architectury Transformer DEBUG] Injecting MixinConfigs into /META-INF/MANIFEST.MF
[Architectury Transformer DEBUG] Remapping refmap from intermediary to srg: depression-common-common-refmap.json
[Architectury Transformer DEBUG] Remapped refmap value Lnet/minecraft/class_3898;method_18713(Lnet/minecraft/class_3222;)V -> Lnet/minecraft/server/level/ChunkMap;m_140184_(Lnet/minecraft/server/level/ServerPlayer;)V
[Architectury Transformer DEBUG] Remapped refmap value Lnet/minecraft/class_1937;method_43128(Lnet/minecraft/class_1657;DDDLnet/minecraft/class_3414;Lnet/minecraft/class_3419;FF)V -> Lnet/minecraft/world/level/Level;m_6263_(Lnet/minecraft/world/entity/player/Player;DDDLnet/minecraft/sounds/SoundEvent;Lnet/minecraft/sounds/SoundSource;FF)V
[Architectury Transformer DEBUG] Remapped refmap value Lnet/minecraft/class_1297;method_5783(Lnet/minecraft/class_3414;FF)V -> Lnet/minecraft/world/entity/Entity;m_5496_(Lnet/minecraft/sounds/SoundEvent;FF)V
[Architectury Transformer DEBUG] Remapped refmap value Lnet/minecraft/class_1297;method_5712(Lnet/minecraft/class_2338;Lnet/minecraft/class_2680;)V -> Lnet/minecraft/world/entity/Entity;m_7355_(Lnet/minecraft/core/BlockPos;Lnet/minecraft/world/level/block/state/BlockState;)V
[Architectury Transformer DEBUG] Remapped refmap value Lnet/minecraft/class_1805;method_7861(Lnet/minecraft/class_1799;Lnet/minecraft/class_1937;Lnet/minecraft/class_1309;)Lnet/minecraft/class_1799; -> Lnet/minecraft/world/item/MilkBucketItem;m_5922_(Lnet/minecraft/world/item/ItemStack;Lnet/minecraft/world/level/Level;Lnet/minecraft/world/entity/LivingEntity;)Lnet/minecraft/world/item/ItemStack;
[Architectury Transformer DEBUG] Remapped refmap value method_5994()Lnet/minecraft/class_3414; -> m_7515_()Lnet/minecraft/sounds/SoundEvent;
[Architectury Transformer DEBUG] Remapped refmap value Lnet/minecraft/class_3244;method_14364(Lnet/minecraft/class_2596;)V -> Lnet/minecraft/server/network/ServerGamePacketListenerImpl;m_9829_(Lnet/minecraft/network/protocol/Packet;)V
[Architectury Transformer DEBUG] Remapped refmap value Lnet/minecraft/class_3324;method_14605(Lnet/minecraft/class_1657;DDDDLnet/minecraft/class_5321;Lnet/minecraft/class_2596;)V -> Lnet/minecraft/server/players/PlayerList;m_11241_(Lnet/minecraft/world/entity/player/Player;DDDDLnet/minecraft/resources/ResourceKey;Lnet/minecraft/network/protocol/Packet;)V
[Architectury Transformer DEBUG] Remapped refmap value Lnet/minecraft/class_1657;method_7322(F)V -> Lnet/minecraft/world/entity/player/Player;m_36399_(F)V
[Architectury Transformer DEBUG] Remapped refmap value Lnet/minecraft/class_1657;method_6074(Lnet/minecraft/class_1282;F)V -> Lnet/minecraft/world/entity/player/Player;m_6475_(Lnet/minecraft/world/damagesource/DamageSource;F)V
[Architectury Transformer DEBUG] Remapped refmap value Lnet/minecraft/class_1657;method_5652(Lnet/minecraft/class_2487;)V -> Lnet/minecraft/world/entity/player/Player;m_7380_(Lnet/minecraft/nbt/CompoundTag;)V
[Architectury Transformer DEBUG] Remapped refmap value Lnet/minecraft/class_1657;method_18866(Lnet/minecraft/class_1937;Lnet/minecraft/class_1799;)Lnet/minecraft/class_1799; -> Lnet/minecraft/world/entity/player/Player;m_5584_(Lnet/minecraft/world/level/Level;Lnet/minecraft/world/item/ItemStack;)Lnet/minecraft/world/item/ItemStack;
[Architectury Transformer DEBUG] Remapped refmap value Lnet/minecraft/class_1657;method_5749(Lnet/minecraft/class_2487;)V -> Lnet/minecraft/world/entity/player/Player;m_7378_(Lnet/minecraft/nbt/CompoundTag;)V
[Architectury Transformer DEBUG] Remapped refmap value Lnet/minecraft/class_1657;method_7358(ZZ)V -> Lnet/minecraft/world/entity/player/Player;m_6145_(ZZ)V
[Architectury Transformer DEBUG] Remapped refmap value Lnet/minecraft/class_1657;method_5773()V -> Lnet/minecraft/world/entity/player/Player;m_8119_()V
[Architectury Transformer DEBUG] Remapped refmap value Lnet/minecraft/class_3213;method_14088(Lnet/minecraft/class_3222;)V -> Lnet/minecraft/server/level/ServerBossEvent;m_6543_(Lnet/minecraft/server/level/ServerPlayer;)V
[Architectury Transformer DEBUG] Remapped refmap value Lnet/minecraft/class_3213;method_14089(Lnet/minecraft/class_3222;)V -> Lnet/minecraft/server/level/ServerBossEvent;m_6539_(Lnet/minecraft/server/level/ServerPlayer;)V
[Architectury Transformer DEBUG] Remapped refmap value Lnet/minecraft/class_3218;method_18213(Lnet/minecraft/class_3222;)V -> Lnet/minecraft/server/level/ServerLevel;m_8834_(Lnet/minecraft/server/level/ServerPlayer;)V
[Architectury Transformer DEBUG] Remapped refmap value Lnet/minecraft/class_3218;method_8465(Lnet/minecraft/class_1657;DDDLnet/minecraft/class_6880;Lnet/minecraft/class_3419;FFJ)V -> Lnet/minecraft/server/level/ServerLevel;m_262808_(Lnet/minecraft/world/entity/player/Player;DDDLnet/minecraft/core/Holder;Lnet/minecraft/sounds/SoundSource;FFJ)V
[Architectury Transformer DEBUG] Remapped refmap value Lnet/minecraft/class_3218;method_8449(Lnet/minecraft/class_1657;Lnet/minecraft/class_1297;Lnet/minecraft/class_6880;Lnet/minecraft/class_3419;FFJ)V -> Lnet/minecraft/server/level/ServerLevel;m_213890_(Lnet/minecraft/world/entity/player/Player;Lnet/minecraft/world/entity/Entity;Lnet/minecraft/core/Holder;Lnet/minecraft/sounds/SoundSource;FFJ)V
[Architectury Transformer DEBUG] Remapped refmap value field_16864:Ljava/util/List; -> f_210559_:Ljava/util/List;
[Architectury Transformer DEBUG] Remapped refmap value field_16680:Lit/unimi/dsi/fastutil/objects/ObjectArrayList; -> f_210560_:Lit/unimi/dsi/fastutil/objects/ObjectArrayList;
[Architectury Transformer DEBUG] Remapped refmap value method_48204()I -> m_264270_()I
[Architectury Transformer DEBUG] Remapped refmap value method_25356()I -> m_264355_()I
[Architectury Transformer DEBUG] Remapped refmap value Lnet/minecraft/class_3872;method_25394(Lnet/minecraft/class_4587;IIF)V -> Lnet/minecraft/client/gui/screens/inventory/BookViewScreen;m_86412_(Lcom/mojang/blaze3d/vertex/PoseStack;IIF)V
[Architectury Transformer DEBUG] Remapped refmap value Lnet/minecraft/class_638;method_8486(DDDLnet/minecraft/class_3414;Lnet/minecraft/class_3419;FFZ)V -> Lnet/minecraft/client/multiplayer/ClientLevel;m_7785_(DDDLnet/minecraft/sounds/SoundEvent;Lnet/minecraft/sounds/SoundSource;FFZ)V
[Architectury Transformer DEBUG] Remapped refmap value Lnet/minecraft/class_638;method_8441(Ljava/util/function/BooleanSupplier;)V -> Lnet/minecraft/client/multiplayer/ClientLevel;m_104726_(Ljava/util/function/BooleanSupplier;)V
[Architectury Transformer DEBUG] Remapped refmap value field_24238:Lnet/minecraft/class_5225; -> f_92714_:Lnet/minecraft/client/StringSplitter;
[Architectury Transformer DEBUG] Remapped refmap value Lnet/minecraft/class_309;method_1466(JIIII)V -> Lnet/minecraft/client/KeyboardHandler;m_90893_(JIIII)V
[Architectury Transformer DEBUG] Remapped refmap value Lnet/minecraft/class_638;method_18112()Ljava/lang/Iterable; -> Lnet/minecraft/client/multiplayer/ClientLevel;m_104735_()Ljava/lang/Iterable;
[Architectury Transformer DEBUG] Remapped refmap value Lnet/minecraft/class_761;method_22710(Lnet/minecraft/class_4587;FJZLnet/minecraft/class_4184;Lnet/minecraft/class_757;Lnet/minecraft/class_765;Lorg/joml/Matrix4f;)V -> Lnet/minecraft/client/renderer/LevelRenderer;m_109599_(Lcom/mojang/blaze3d/vertex/PoseStack;FJZLnet/minecraft/client/Camera;Lnet/minecraft/client/renderer/GameRenderer;Lnet/minecraft/client/renderer/LightTexture;Lorg/joml/Matrix4f;)V
[Architectury Transformer DEBUG] Remapped refmap value Lnet/minecraft/class_746;method_7315(Lnet/minecraft/class_1799;Lnet/minecraft/class_1268;)V -> Lnet/minecraft/client/player/LocalPlayer;m_6986_(Lnet/minecraft/world/item/ItemStack;Lnet/minecraft/world/InteractionHand;)V
[Architectury Transformer DEBUG] Remapped refmap value Lnet/minecraft/class_1429;method_5618()I -> Lnet/minecraft/world/entity/animal/Animal;m_146764_()I
[Architectury Transformer DEBUG] Remapped refmap value Lnet/minecraft/class_1429;method_5992(Lnet/minecraft/class_1657;Lnet/minecraft/class_1268;)Lnet/minecraft/class_1269; -> Lnet/minecraft/world/entity/animal/Animal;m_6071_(Lnet/minecraft/world/entity/player/Player;Lnet/minecraft/world/InteractionHand;)Lnet/minecraft/world/InteractionResult;
[Architectury Transformer DEBUG] Remapped refmap value Lnet/minecraft/class_1702;method_7585(IF)V -> Lnet/minecraft/world/food/FoodData;m_38707_(IF)V
[Architectury Transformer DEBUG] Remapped refmap value Lnet/minecraft/class_2272;method_9719(Lnet/minecraft/class_1936;Lnet/minecraft/class_2338;Lnet/minecraft/class_2680;Lnet/minecraft/class_1657;)Lnet/minecraft/class_1269; -> Lnet/minecraft/world/level/block/CakeBlock;m_51185_(Lnet/minecraft/world/level/LevelAccessor;Lnet/minecraft/core/BlockPos;Lnet/minecraft/world/level/block/state/BlockState;Lnet/minecraft/world/entity/player/Player;)Lnet/minecraft/world/InteractionResult;
[Architectury Transformer DEBUG] Remapped refmap value Lnet/minecraft/class_1542;method_18800(DDD)V -> Lnet/minecraft/world/entity/item/ItemEntity;m_20334_(DDD)V
[Architectury Transformer DEBUG] Remapped refmap value Lnet/minecraft/class_1536;method_6957(Lnet/minecraft/class_1799;)I -> Lnet/minecraft/world/entity/projectile/FishingHook;m_37156_(Lnet/minecraft/world/item/ItemStack;)I
[Architectury Transformer DEBUG] Remapped refmap value Lnet/minecraft/class_2619;method_49211(Lnet/minecraft/class_1937;Lnet/minecraft/class_2338;Lnet/minecraft/class_2680;)V -> Lnet/minecraft/world/level/block/entity/JukeboxBlockEntity;m_272276_(Lnet/minecraft/world/level/Level;Lnet/minecraft/core/BlockPos;Lnet/minecraft/world/level/block/state/BlockState;)V
[Architectury Transformer DEBUG] Remapped refmap value Lnet/minecraft/class_47;method_294()Lnet/minecraft/class_5819; -> Lnet/minecraft/world/level/storage/loot/LootContext;m_230907_()Lnet/minecraft/util/RandomSource;
[Architectury Transformer DEBUG] Remapped refmap value Lnet/minecraft/class_52;method_329(Lnet/minecraft/class_1263;Lnet/minecraft/class_47;)V -> Lnet/minecraft/world/level/storage/loot/LootTable;m_79123_(Lnet/minecraft/world/Container;Lnet/minecraft/world/level/storage/loot/LootContext;)V
[Architectury Transformer DEBUG] Remapped refmap value Lnet/minecraft/class_1308;method_5773()V -> Lnet/minecraft/world/entity/Mob;m_8119_()V
[Architectury Transformer DEBUG] Remapped refmap value Lnet/minecraft/class_3222;method_7281(Lnet/minecraft/class_2960;)V -> Lnet/minecraft/server/level/ServerPlayer;m_36220_(Lnet/minecraft/resources/ResourceLocation;)V
[Architectury Transformer DEBUG] Remapped refmap value Lnet/minecraft/class_3765;method_16509()V -> Lnet/minecraft/world/entity/raid/Raid;m_37775_()V
[Architectury Transformer DEBUG] Remapped refmap value Lnet/minecraft/class_5282;method_27993(Lnet/minecraft/class_3222;Lnet/minecraft/class_2960;)V -> Lnet/minecraft/advancements/critereon/LootTableTrigger;m_54597_(Lnet/minecraft/server/level/ServerPlayer;Lnet/minecraft/resources/ResourceLocation;)V
[Architectury Transformer DEBUG] Remapped refmap value Lnet/minecraft/class_2621;method_11289(Lnet/minecraft/class_1657;)V -> Lnet/minecraft/world/level/block/entity/RandomizableContainerBlockEntity;m_59640_(Lnet/minecraft/world/entity/player/Player;)V
[Architectury Transformer DEBUG] Remapped refmap value Lnet/minecraft/class_1753;method_7840(Lnet/minecraft/class_1799;Lnet/minecraft/class_1937;Lnet/minecraft/class_1309;I)V -> Lnet/minecraft/world/item/BowItem;m_5551_(Lnet/minecraft/world/item/ItemStack;Lnet/minecraft/world/level/Level;Lnet/minecraft/world/entity/LivingEntity;I)V
[Architectury Transformer DEBUG] Remapped refmap value Lnet/minecraft/class_1764;method_7769(Lnet/minecraft/class_1937;Lnet/minecraft/class_1309;Lnet/minecraft/class_1799;)V -> Lnet/minecraft/world/item/CrossbowItem;m_40905_(Lnet/minecraft/world/level/Level;Lnet/minecraft/world/entity/LivingEntity;Lnet/minecraft/world/item/ItemStack;)V
[Architectury Transformer DEBUG] Remapped refmap value Lnet/minecraft/class_1799;method_7935()I -> Lnet/minecraft/world/item/ItemStack;m_41779_()I
[Architectury Transformer DEBUG] Remapped refmap value Lnet/minecraft/class_1799;method_7935()I -> Lnet/minecraft/world/item/ItemStack;m_41779_()I
[Architectury Transformer DEBUG] Remapped refmap value Lnet/minecraft/class_1309;method_6019(Lnet/minecraft/class_1268;)V -> Lnet/minecraft/world/entity/LivingEntity;m_6672_(Lnet/minecraft/world/InteractionHand;)V
[Architectury Transformer DEBUG] Remapped refmap value Lnet/minecraft/class_3898;method_18713(Lnet/minecraft/class_3222;)V -> Lnet/minecraft/server/level/ChunkMap;m_140184_(Lnet/minecraft/server/level/ServerPlayer;)V
[Architectury Transformer DEBUG] Remapped refmap value Lnet/minecraft/class_1937;method_43128(Lnet/minecraft/class_1657;DDDLnet/minecraft/class_3414;Lnet/minecraft/class_3419;FF)V -> Lnet/minecraft/world/level/Level;m_6263_(Lnet/minecraft/world/entity/player/Player;DDDLnet/minecraft/sounds/SoundEvent;Lnet/minecraft/sounds/SoundSource;FF)V
[Architectury Transformer DEBUG] Remapped refmap value Lnet/minecraft/class_1297;method_5783(Lnet/minecraft/class_3414;FF)V -> Lnet/minecraft/world/entity/Entity;m_5496_(Lnet/minecraft/sounds/SoundEvent;FF)V
[Architectury Transformer DEBUG] Remapped refmap value Lnet/minecraft/class_1297;method_5712(Lnet/minecraft/class_2338;Lnet/minecraft/class_2680;)V -> Lnet/minecraft/world/entity/Entity;m_7355_(Lnet/minecraft/core/BlockPos;Lnet/minecraft/world/level/block/state/BlockState;)V
[Architectury Transformer DEBUG] Remapped refmap value Lnet/minecraft/class_1805;method_7861(Lnet/minecraft/class_1799;Lnet/minecraft/class_1937;Lnet/minecraft/class_1309;)Lnet/minecraft/class_1799; -> Lnet/minecraft/world/item/MilkBucketItem;m_5922_(Lnet/minecraft/world/item/ItemStack;Lnet/minecraft/world/level/Level;Lnet/minecraft/world/entity/LivingEntity;)Lnet/minecraft/world/item/ItemStack;
[Architectury Transformer DEBUG] Remapped refmap value method_5994()Lnet/minecraft/class_3414; -> m_7515_()Lnet/minecraft/sounds/SoundEvent;
[Architectury Transformer DEBUG] Remapped refmap value Lnet/minecraft/class_3244;method_14364(Lnet/minecraft/class_2596;)V -> Lnet/minecraft/server/network/ServerGamePacketListenerImpl;m_9829_(Lnet/minecraft/network/protocol/Packet;)V
[Architectury Transformer DEBUG] Remapped refmap value Lnet/minecraft/class_3324;method_14605(Lnet/minecraft/class_1657;DDDDLnet/minecraft/class_5321;Lnet/minecraft/class_2596;)V -> Lnet/minecraft/server/players/PlayerList;m_11241_(Lnet/minecraft/world/entity/player/Player;DDDDLnet/minecraft/resources/ResourceKey;Lnet/minecraft/network/protocol/Packet;)V
[Architectury Transformer DEBUG] Remapped refmap value Lnet/minecraft/class_1657;method_7322(F)V -> Lnet/minecraft/world/entity/player/Player;m_36399_(F)V
[Architectury Transformer DEBUG] Remapped refmap value Lnet/minecraft/class_1657;method_6074(Lnet/minecraft/class_1282;F)V -> Lnet/minecraft/world/entity/player/Player;m_6475_(Lnet/minecraft/world/damagesource/DamageSource;F)V
[Architectury Transformer DEBUG] Remapped refmap value Lnet/minecraft/class_1657;method_5652(Lnet/minecraft/class_2487;)V -> Lnet/minecraft/world/entity/player/Player;m_7380_(Lnet/minecraft/nbt/CompoundTag;)V
[Architectury Transformer DEBUG] Remapped refmap value Lnet/minecraft/class_1657;method_18866(Lnet/minecraft/class_1937;Lnet/minecraft/class_1799;)Lnet/minecraft/class_1799; -> Lnet/minecraft/world/entity/player/Player;m_5584_(Lnet/minecraft/world/level/Level;Lnet/minecraft/world/item/ItemStack;)Lnet/minecraft/world/item/ItemStack;
[Architectury Transformer DEBUG] Remapped refmap value Lnet/minecraft/class_1657;method_5749(Lnet/minecraft/class_2487;)V -> Lnet/minecraft/world/entity/player/Player;m_7378_(Lnet/minecraft/nbt/CompoundTag;)V
[Architectury Transformer DEBUG] Remapped refmap value Lnet/minecraft/class_1657;method_7358(ZZ)V -> Lnet/minecraft/world/entity/player/Player;m_6145_(ZZ)V
[Architectury Transformer DEBUG] Remapped refmap value Lnet/minecraft/class_1657;method_5773()V -> Lnet/minecraft/world/entity/player/Player;m_8119_()V
[Architectury Transformer DEBUG] Remapped refmap value Lnet/minecraft/class_3213;method_14088(Lnet/minecraft/class_3222;)V -> Lnet/minecraft/server/level/ServerBossEvent;m_6543_(Lnet/minecraft/server/level/ServerPlayer;)V
[Architectury Transformer DEBUG] Remapped refmap value Lnet/minecraft/class_3213;method_14089(Lnet/minecraft/class_3222;)V -> Lnet/minecraft/server/level/ServerBossEvent;m_6539_(Lnet/minecraft/server/level/ServerPlayer;)V
[Architectury Transformer DEBUG] Remapped refmap value Lnet/minecraft/class_3218;method_18213(Lnet/minecraft/class_3222;)V -> Lnet/minecraft/server/level/ServerLevel;m_8834_(Lnet/minecraft/server/level/ServerPlayer;)V
[Architectury Transformer DEBUG] Remapped refmap value Lnet/minecraft/class_3218;method_8465(Lnet/minecraft/class_1657;DDDLnet/minecraft/class_6880;Lnet/minecraft/class_3419;FFJ)V -> Lnet/minecraft/server/level/ServerLevel;m_262808_(Lnet/minecraft/world/entity/player/Player;DDDLnet/minecraft/core/Holder;Lnet/minecraft/sounds/SoundSource;FFJ)V
[Architectury Transformer DEBUG] Remapped refmap value Lnet/minecraft/class_3218;method_8449(Lnet/minecraft/class_1657;Lnet/minecraft/class_1297;Lnet/minecraft/class_6880;Lnet/minecraft/class_3419;FFJ)V -> Lnet/minecraft/server/level/ServerLevel;m_213890_(Lnet/minecraft/world/entity/player/Player;Lnet/minecraft/world/entity/Entity;Lnet/minecraft/core/Holder;Lnet/minecraft/sounds/SoundSource;FFJ)V
[Architectury Transformer DEBUG] Remapped refmap value field_16864:Ljava/util/List; -> f_210559_:Ljava/util/List;
[Architectury Transformer DEBUG] Remapped refmap value field_16680:Lit/unimi/dsi/fastutil/objects/ObjectArrayList; -> f_210560_:Lit/unimi/dsi/fastutil/objects/ObjectArrayList;
[Architectury Transformer DEBUG] Remapped refmap value method_48204()I -> m_264270_()I
[Architectury Transformer DEBUG] Remapped refmap value method_25356()I -> m_264355_()I
[Architectury Transformer DEBUG] Remapped refmap value Lnet/minecraft/class_3872;method_25394(Lnet/minecraft/class_4587;IIF)V -> Lnet/minecraft/client/gui/screens/inventory/BookViewScreen;m_86412_(Lcom/mojang/blaze3d/vertex/PoseStack;IIF)V
[Architectury Transformer DEBUG] Remapped refmap value Lnet/minecraft/class_638;method_8486(DDDLnet/minecraft/class_3414;Lnet/minecraft/class_3419;FFZ)V -> Lnet/minecraft/client/multiplayer/ClientLevel;m_7785_(DDDLnet/minecraft/sounds/SoundEvent;Lnet/minecraft/sounds/SoundSource;FFZ)V
[Architectury Transformer DEBUG] Remapped refmap value Lnet/minecraft/class_638;method_8441(Ljava/util/function/BooleanSupplier;)V -> Lnet/minecraft/client/multiplayer/ClientLevel;m_104726_(Ljava/util/function/BooleanSupplier;)V
[Architectury Transformer DEBUG] Remapped refmap value field_24238:Lnet/minecraft/class_5225; -> f_92714_:Lnet/minecraft/client/StringSplitter;
[Architectury Transformer DEBUG] Remapped refmap value Lnet/minecraft/class_309;method_1466(JIIII)V -> Lnet/minecraft/client/KeyboardHandler;m_90893_(JIIII)V
[Architectury Transformer DEBUG] Remapped refmap value Lnet/minecraft/class_638;method_18112()Ljava/lang/Iterable; -> Lnet/minecraft/client/multiplayer/ClientLevel;m_104735_()Ljava/lang/Iterable;
[Architectury Transformer DEBUG] Remapped refmap value Lnet/minecraft/class_761;method_22710(Lnet/minecraft/class_4587;FJZLnet/minecraft/class_4184;Lnet/minecraft/class_757;Lnet/minecraft/class_765;Lorg/joml/Matrix4f;)V -> Lnet/minecraft/client/renderer/LevelRenderer;m_109599_(Lcom/mojang/blaze3d/vertex/PoseStack;FJZLnet/minecraft/client/Camera;Lnet/minecraft/client/renderer/GameRenderer;Lnet/minecraft/client/renderer/LightTexture;Lorg/joml/Matrix4f;)V
[Architectury Transformer DEBUG] Remapped refmap value Lnet/minecraft/class_746;method_7315(Lnet/minecraft/class_1799;Lnet/minecraft/class_1268;)V -> Lnet/minecraft/client/player/LocalPlayer;m_6986_(Lnet/minecraft/world/item/ItemStack;Lnet/minecraft/world/InteractionHand;)V
[Architectury Transformer DEBUG] Remapped refmap value Lnet/minecraft/class_1429;method_5618()I -> Lnet/minecraft/world/entity/animal/Animal;m_146764_()I
[Architectury Transformer DEBUG] Remapped refmap value Lnet/minecraft/class_1429;method_5992(Lnet/minecraft/class_1657;Lnet/minecraft/class_1268;)Lnet/minecraft/class_1269; -> Lnet/minecraft/world/entity/animal/Animal;m_6071_(Lnet/minecraft/world/entity/player/Player;Lnet/minecraft/world/InteractionHand;)Lnet/minecraft/world/InteractionResult;
[Architectury Transformer DEBUG] Remapped refmap value Lnet/minecraft/class_1702;method_7585(IF)V -> Lnet/minecraft/world/food/FoodData;m_38707_(IF)V
[Architectury Transformer DEBUG] Remapped refmap value Lnet/minecraft/class_2272;method_9719(Lnet/minecraft/class_1936;Lnet/minecraft/class_2338;Lnet/minecraft/class_2680;Lnet/minecraft/class_1657;)Lnet/minecraft/class_1269; -> Lnet/minecraft/world/level/block/CakeBlock;m_51185_(Lnet/minecraft/world/level/LevelAccessor;Lnet/minecraft/core/BlockPos;Lnet/minecraft/world/level/block/state/BlockState;Lnet/minecraft/world/entity/player/Player;)Lnet/minecraft/world/InteractionResult;
[Architectury Transformer DEBUG] Remapped refmap value Lnet/minecraft/class_1542;method_18800(DDD)V -> Lnet/minecraft/world/entity/item/ItemEntity;m_20334_(DDD)V
[Architectury Transformer DEBUG] Remapped refmap value Lnet/minecraft/class_1536;method_6957(Lnet/minecraft/class_1799;)I -> Lnet/minecraft/world/entity/projectile/FishingHook;m_37156_(Lnet/minecraft/world/item/ItemStack;)I
[Architectury Transformer DEBUG] Remapped refmap value Lnet/minecraft/class_2619;method_49211(Lnet/minecraft/class_1937;Lnet/minecraft/class_2338;Lnet/minecraft/class_2680;)V -> Lnet/minecraft/world/level/block/entity/JukeboxBlockEntity;m_272276_(Lnet/minecraft/world/level/Level;Lnet/minecraft/core/BlockPos;Lnet/minecraft/world/level/block/state/BlockState;)V
[Architectury Transformer DEBUG] Remapped refmap value Lnet/minecraft/class_47;method_294()Lnet/minecraft/class_5819; -> Lnet/minecraft/world/level/storage/loot/LootContext;m_230907_()Lnet/minecraft/util/RandomSource;
[Architectury Transformer DEBUG] Remapped refmap value Lnet/minecraft/class_52;method_329(Lnet/minecraft/class_1263;Lnet/minecraft/class_47;)V -> Lnet/minecraft/world/level/storage/loot/LootTable;m_79123_(Lnet/minecraft/world/Container;Lnet/minecraft/world/level/storage/loot/LootContext;)V
[Architectury Transformer DEBUG] Remapped refmap value Lnet/minecraft/class_1308;method_5773()V -> Lnet/minecraft/world/entity/Mob;m_8119_()V
[Architectury Transformer DEBUG] Remapped refmap value Lnet/minecraft/class_3222;method_7281(Lnet/minecraft/class_2960;)V -> Lnet/minecraft/server/level/ServerPlayer;m_36220_(Lnet/minecraft/resources/ResourceLocation;)V
[Architectury Transformer DEBUG] Remapped refmap value Lnet/minecraft/class_3765;method_16509()V -> Lnet/minecraft/world/entity/raid/Raid;m_37775_()V
[Architectury Transformer DEBUG] Remapped refmap value Lnet/minecraft/class_5282;method_27993(Lnet/minecraft/class_3222;Lnet/minecraft/class_2960;)V -> Lnet/minecraft/advancements/critereon/LootTableTrigger;m_54597_(Lnet/minecraft/server/level/ServerPlayer;Lnet/minecraft/resources/ResourceLocation;)V
[Architectury Transformer DEBUG] Remapped refmap value Lnet/minecraft/class_2621;method_11289(Lnet/minecraft/class_1657;)V -> Lnet/minecraft/world/level/block/entity/RandomizableContainerBlockEntity;m_59640_(Lnet/minecraft/world/entity/player/Player;)V
[Architectury Transformer DEBUG] Remapped refmap value Lnet/minecraft/class_1753;method_7840(Lnet/minecraft/class_1799;Lnet/minecraft/class_1937;Lnet/minecraft/class_1309;I)V -> Lnet/minecraft/world/item/BowItem;m_5551_(Lnet/minecraft/world/item/ItemStack;Lnet/minecraft/world/level/Level;Lnet/minecraft/world/entity/LivingEntity;I)V
[Architectury Transformer DEBUG] Remapped refmap value Lnet/minecraft/class_1764;method_7769(Lnet/minecraft/class_1937;Lnet/minecraft/class_1309;Lnet/minecraft/class_1799;)V -> Lnet/minecraft/world/item/CrossbowItem;m_40905_(Lnet/minecraft/world/level/Level;Lnet/minecraft/world/entity/LivingEntity;Lnet/minecraft/world/item/ItemStack;)V
[Architectury Transformer DEBUG] Remapped refmap value Lnet/minecraft/class_1799;method_7935()I -> Lnet/minecraft/world/item/ItemStack;m_41779_()I
[Architectury Transformer DEBUG] Remapped refmap value Lnet/minecraft/class_1799;method_7935()I -> Lnet/minecraft/world/item/ItemStack;m_41779_()I
[Architectury Transformer DEBUG] Remapped refmap value Lnet/minecraft/class_1309;method_6019(Lnet/minecraft/class_1268;)V -> Lnet/minecraft/world/entity/LivingEntity;m_6672_(Lnet/minecraft/world/InteractionHand;)V
[Architectury Transformer DEBUG] Closed File Systems for D:\MinecraftModProject\Depression1.19.4\common\build\libs\depression-common-0.1.5+1.19.4-transformProductionForge.jar
[Architectury Transformer] Transformed jar with 7 transformer(s) in 981.0 ms
[Architectury Transformer DEBUG] Closed File Systems for D:\MinecraftModProject\Depression1.19.4\common\build\libs\depression-common-0.1.5+1.19.4.jar
